[debug] [2024-01-27T13:50:32.066Z] ----------------------------------------------------------------------
[debug] [2024-01-27T13:50:32.087Z] Command:       C:\Program Files\nodejs\node.exe C:\Users\Adem\AppData\Roaming\npm\node_modules\firebase-tools\lib\bin\firebase.js init hosting
[debug] [2024-01-27T13:50:32.087Z] CLI Version:   12.9.0
[debug] [2024-01-27T13:50:32.087Z] Platform:      win32
[debug] [2024-01-27T13:50:32.088Z] Node Version:  v16.14.2
[debug] [2024-01-27T13:50:32.261Z] Time:          Sat Jan 27 2024 16:50:32 GMT+0300 (East Africa Time)
[debug] [2024-01-27T13:50:32.261Z] ----------------------------------------------------------------------
[debug] 
[debug] [2024-01-27T13:50:32.293Z] >>> [apiv2][query] GET https://firebase-public.firebaseio.com/cli.json [none]
[debug] [2024-01-27T13:50:32.317Z] > command requires scopes: ["email","openid","https://www.googleapis.com/auth/cloudplatformprojects.readonly","https://www.googleapis.com/auth/firebase","https://www.googleapis.com/auth/cloud-platform"]
[debug] [2024-01-27T13:50:32.317Z] > authorizing via signed-in user (ademahmedbekr@gmail.com)
[info] 
     ######## #### ########  ######## ########     ###     ######  ########
     ##        ##  ##     ## ##       ##     ##  ##   ##  ##       ##
     ######    ##  ########  ######   ########  #########  ######  ######
     ##        ##  ##    ##  ##       ##     ## ##     ##       ## ##
     ##       #### ##     ## ######## ########  ##     ##  ######  ########

You're about to initialize a Firebase project in this directory:

  C:\xampp\htdocs\myschoo

Before we get started, keep in mind:

  * You are currently outside your home directory

[debug] [2024-01-27T13:50:33.194Z] <<< [apiv2][status] GET https://firebase-public.firebaseio.com/cli.json 200
[debug] [2024-01-27T13:50:33.195Z] <<< [apiv2][body] GET https://firebase-public.firebaseio.com/cli.json {"cloudBuildErrorAfter":1594252800000,"cloudBuildWarnAfter":1590019200000,"defaultNode10After":1594252800000,"minVersion":"3.0.5","node8DeploysDisabledAfter":1613390400000,"node8RuntimeDisabledAfter":1615809600000,"node8WarnAfter":1600128000000}
